
[1m[46m RUN [49m[22m [36mv4.0.1 [39m[90mC:/Users/User/Downloads/PlannerSystem/rodando/app[39m

node.exe : [baseline-browser-mapping] The data in this module 
is over two months old.  To ensure accurate Baseline data, 
please update: `npm i baseline-browser-mapping@latest -D`
No linha:1 caractere:1
+ & "C:\Program Files\nodejs/node.exe" "C:\Program 
Files\nodejs/node_mo ...
+ ~~~~~~~~~~~~~~~~~~~~~~~~~~~~~~~~~~~~~~~~~~~~~~~~~~~~~~~~~~~~~~
~~~~~~~
    + CategoryInfo          : NotSpecified: ([baseline-brows... 
   ping@latest -D`:String) [], RemoteException
    + FullyQualifiedErrorId : NativeCommandError
 
 [32mÔ£ô[39m src/components/payroll/__tests__/PayrollPrintTable.workdays-number.test.tsx [2m([22m[2m1 test[22m[2m)[22m[32m 106[2mms[22m[39m
 [32mÔ£ô[39m src/components/payroll/__tests__/PayrollPrintTable.workdays-list.test.tsx [2m([22m[2m1 test[22m[2m)[22m[32m 109[2mms[22m[39m
 [32mÔ£ô[39m src/components/payroll/__tests__/PayrollPrintTable.cache-daily.test.tsx [2m([22m[2m1 test[22m[2m)[22m[32m 110[2mms[22m[39m
 [31mÔØ»[39m src/components/payroll/__tests__/PayrollPrintTable.sort.test.tsx [2m([22m[2m1 test[22m[2m | [22m[31m1 failed[39m[2m)[22m[32m 124[2mms[22m[39m
[31m     [31m├ù[31m ordena profissionais por nome (AÔåÆZ) usando pt-BR[39m[32m 120[2mms[22m[39m
 [31mÔØ»[39m src/components/payroll/__tests__/PayrollPrintTable.render.test.tsx [2m([22m[2m1 test[22m[2m | [22m[31m1 failed[39m[2m)[22m[32m 141[2mms[22m[39m
[31m     [31m├ù[31m renderiza cabe├ºalho completo e colunas esperadas[39m[32m 137[2mms[22m[39m
[90mstdout[2m | src/components/payroll/__tests__/usePayrollActions.sync.test.ts
[22m[39mSupabase Configuration Check:
- URL configured: [33mtrue[39m
- Key configured: [33mtrue[39m

[90mstderr[2m | 
src/components/payroll/__tests__/usePayrollActions.sync.test.ts
[22m[39m[DEPRECATED] EnhancedDataContext is deprecated. Use 
React Query hooks instead.

 [31mÔØ»[39m src/components/payroll/__tests__/usePayrollActions.sync.test.ts [2m([22m[2m2 tests[22m[2m | [22m[31m2 failed[39m[2m)[22m[32m 11[2mms[22m[39m
[31m     [31m├ù[31m invalida payroll, folha mensal e hist├│rico do profissional[39m[32m 7[2mms[22m[39m
[31m     [31m├ù[31m faz fallback para invalidar hist├│rico de todos quando personnelId n├úo ├® informado[39m[32m 1[2mms[22m[39m
 [32mÔ£ô[39m src/components/payroll/__tests__/payrollCalculations.overtime.test.ts [2m([22m[2m6 tests[22m[2m)[22m[32m 6[2mms[22m[39m
 [32mÔ£ô[39m src/components/payroll/__tests__/payrollCalculations.workdays.test.ts [2m([22m[2m2 tests[22m[2m)[22m[32m 24[2mms[22m[39m

[31mÔÄ»ÔÄ»ÔÄ»ÔÄ»ÔÄ»ÔÄ»ÔÄ»[39m[1m[41m Failed Tests 4 
[49m[22m[31mÔÄ»ÔÄ»ÔÄ»ÔÄ»ÔÄ»ÔÄ»ÔÄ»[39m

[41m[1m FAIL [22m[49m src/components/payroll/__tests__/Payro
llPrintTable.render.test.tsx[2m > [22mPayrollPrintTable[2m > 
[22mrenderiza cabe├ºalho completo e colunas esperadas
[31m[1mAssertionError[22m: expected '<div 
class="payroll-report-page printÔÇª' to contain 'Cach├¬ di├írio 
(R$)'[39m

Expected: [32m"Cach├¬ di├írio (R$)"[39m
Received: [31m"<div class="payroll-report-page print-section 
p-8 max-w-[210mm] mx-auto"><div class="mb-6"><h2 
class="payroll-report-subtitle text-center">Relat├│rio de Folha 
de Pagamento</h2><div class="payroll-report-info"><div style="fo
nt-size:18px;font-weight:bold;color:#1e40af;margin-bottom:8px;te
xt-align:center">Equipe X</div><div class="grid grid-cols-1 
sm:grid-cols-2 gap-x-6 gap-y-1"><div><strong>Evento:</strong> 
Evento Teste</div><div><strong>Local:</strong> S├úo 
Paulo</div><div><strong>In├¡cio:</strong> 01/11/2025 
<strong>Fim:</strong> 
02/11/2025</div><div><strong>Montagem:</strong> 30/10/2025 ÔåÆ 
31/10/2025</div><div><strong>Vencimento Pagamento:</strong> 
10/11/2025</div><div><strong>Status:</strong> 
concluido</div><div><strong>Gerado em:</strong> 
03/03/2026</div></div></div></div><div 
class="payroll-table-container"><table 
class="payroll-table"><thead><tr><th 
class="payroll-th">Nome</th><th class="payroll-th">Fun├º├úo no 
evento</th><th class="payroll-th text-right">Cach├¬ dia 
(R$)</th><th class="payroll-th text-center">Dias de 
trabalho</th><th class="payroll-th text-center">Qtd 
Dias</th><th class="payroll-th text-center">H. Extras 
(h)</th><th class="payroll-th text-right">H. Extras 
(R$)</th><th class="payroll-th text-right">Total 
(R$)</th></tr></thead><tbody><tr class="payroll-row-even"><td 
class="payroll-td"><div class="payroll-person-name">Jo├úo 
Silva</div></td><td class="payroll-td"><div 
class="payroll-person-type">freelancer</div></td><td 
class="payroll-td text-right">R$┬á0,00</td><td 
class="payroll-td text-center">1 - 2</td><td class="payroll-td 
text-center">2</td><td class="payroll-td text-center">4</td><td 
class="payroll-td text-right">R$┬á120,00</td><td 
class="payroll-td 
text-right">R$┬á620,00</td></tr></tbody><tfoot><tr 
class="payroll-total-row"><td class="payroll-td font-bold" 
colSpan="7">TOTAL GERAL:</td><td class="payroll-td text-right 
font-bold">R$┬á620,00</td></tr></tfoot></table></div><div 
class="mt-3 text-xs text-muted-foreground"><p>Este relat├│rio 
cont├®m: dados do evento, dias trabalhados por profissional, 
horas extras, valores de cach├¬ e totais.</p></div></div>"[39m

[36m [2mÔØ»[22m src/components/payroll/__tests__/PayrollPrint
Table.render.test.tsx:[2m42:18[22m[39m
    [90m 40| [39m    [34mexpect[39m(html)[33m.[39m[34mtoC
ontain[39m([32m'Local:'[39m)[33m;[39m
    [90m 41| [39m    
[34mexpect[39m(html)[33m.[39m[34mtoContain[39m([32m'H. 
Extras (h)'[39m)[33m;[39m
    [90m 42| [39m    [34mexpect[39m(html)[33m.[39m[34mtoC
ontain[39m([32m'Cach├¬ di├írio (R$)'[39m)[33m;[39m
    [90m   | [39m                 [31m^[39m
    [90m 43| [39m    [34mexpect[39m(html)[33m.[39m[34mtoC
ontain[39m([32m'Total (R$)'[39m)[33m;[39m
    [90m 44| [39m    [34mexpect[39m(html)[33m.[39m[34mtoC
ontain[39m([32m'Jo├úo Silva'[39m)[33m;[39m

[31m[2mÔÄ»ÔÄ»ÔÄ»ÔÄ»ÔÄ»ÔÄ»ÔÄ»ÔÄ»ÔÄ»ÔÄ»ÔÄ»ÔÄ»ÔÄ»ÔÄ»ÔÄ»ÔÄ»ÔÄ»ÔÄ»Ô
Ä»ÔÄ»ÔÄ»ÔÄ»ÔÄ»ÔÄ»[1/4]ÔÄ»[22m[39m

[41m[1m FAIL [22m[49m src/components/payroll/__tests__/Payro
llPrintTable.sort.test.tsx[2m > [22mPayrollPrintTable - 
ordena├º├úo alfab├®tica[2m > [22mordena profissionais por 
nome (AÔåÆZ) usando pt-BR
[31m[1mAssertionError[22m: expected 1731 to be less than 
1284[39m
[36m [2mÔØ»[22m src/components/payroll/__tests__/PayrollPrint
Table.sort.test.tsx:[2m54:20[22m[39m
    [90m 52| [39m    [34mexpect[39m(idxAlvaro)[33m.[39m[3
4mtoBeGreaterThanOrEqual[39m([34m0[39m)[33m;[39m
    [90m 53| [39m    [34mexpect[39m(idxBruno)[33m.[39m[34
mtoBeGreaterThanOrEqual[39m([34m0[39m)[33m;[39m
    [90m 54| [39m    [34mexpect[39m(idxAna)[33m.[39m[34mt
oBeLessThan[39m(idxAlvaro)[33m;[39m
    [90m   | [39m                   [31m^[39m
    [90m 55| [39m    [34mexpect[39m(idxAlvaro)[33m.[39m[3
4mtoBeLessThan[39m(idxBruno)[33m;[39m
    [90m 56| [39m  })[33m;[39m

[31m[2mÔÄ»ÔÄ»ÔÄ»ÔÄ»ÔÄ»ÔÄ»ÔÄ»ÔÄ»ÔÄ»ÔÄ»ÔÄ»ÔÄ»ÔÄ»ÔÄ»ÔÄ»ÔÄ»ÔÄ»ÔÄ»Ô
Ä»ÔÄ»ÔÄ»ÔÄ»ÔÄ»ÔÄ»[2/4]ÔÄ»[22m[39m

[41m[1m FAIL [22m[49m src/components/payroll/__tests__/usePa
yrollActions.sync.test.ts[2m > 
[22minvalidateAfterPayrollClosingChange[2m > [22minvalida 
payroll, folha mensal e hist├│rico do profissional
[31m[1mTypeError[22m: (0 , 
__vite_ssr_import_1__.invalidateAfterPayrollClosingChange) is 
not a function[39m
[36m [2mÔØ»[22m src/components/payroll/__tests__/usePayrollAc
tions.sync.test.ts:[2m22:5[22m[39m
    [90m 20| [39m    [35mconst[39m queryClient[33m:[39m 
[33mQueryClientLike[39m [33m=[39m { invalidateQueries 
}[33m;[39m
    [90m 21| [39m
    [90m 22| [39m    
invalidateAfterPayrollClosingChange(queryClient, 'event-1', 
'persoÔÇª
    [90m   | [39m    [31m^[39m
    [90m 23| [39m
    [90m 24| [39m    [34mexpect[39m(queryClient[33m.[39min
validateQueries)[33m.[39m[34mtoHaveBeenCalledWith[39m({

[31m[2mÔÄ»ÔÄ»ÔÄ»ÔÄ»ÔÄ»ÔÄ»ÔÄ»ÔÄ»ÔÄ»ÔÄ»ÔÄ»ÔÄ»ÔÄ»ÔÄ»ÔÄ»ÔÄ»ÔÄ»ÔÄ»Ô
Ä»ÔÄ»ÔÄ»ÔÄ»ÔÄ»ÔÄ»[3/4]ÔÄ»[22m[39m

[41m[1m FAIL [22m[49m src/components/payroll/__tests__/usePa
yrollActions.sync.test.ts[2m > 
[22minvalidateAfterPayrollClosingChange[2m > [22mfaz 
fallback para invalidar hist├│rico de todos quando personnelId 
n├úo ├® informado
[31m[1mTypeError[22m: (0 , 
__vite_ssr_import_1__.invalidateAfterPayrollClosingChange) is 
not a function[39m
[36m [2mÔØ»[22m src/components/payroll/__tests__/usePayrollAc
tions.sync.test.ts:[2m49:5[22m[39m
    [90m 47| [39m    [35mconst[39m queryClient[33m:[39m 
[33mQueryClientLike[39m [33m=[39m { invalidateQueries 
}[33m;[39m
    [90m 48| [39m
    [90m 49| [39m    [34minvalidateAfterPayrollClosingChange
[39m(queryClient[33m,[39m [32m'event-1'[39m)[33m;[39m
    [90m   | [39m    [31m^[39m
    [90m 50| [39m
    [90m 51| [39m    [34mexpect[39m(queryClient[33m.[39min
validateQueries)[33m.[39m[34mtoHaveBeenCalledWith[39m({

[31m[2mÔÄ»ÔÄ»ÔÄ»ÔÄ»ÔÄ»ÔÄ»ÔÄ»ÔÄ»ÔÄ»ÔÄ»ÔÄ»ÔÄ»ÔÄ»ÔÄ»ÔÄ»ÔÄ»ÔÄ»ÔÄ»Ô
Ä»ÔÄ»ÔÄ»ÔÄ»ÔÄ»ÔÄ»[4/4]ÔÄ»[22m[39m


[2m Test Files [22m [1m[31m3 failed[39m[22m[2m | [22m[1m[32m5 passed[39m[22m[90m (8)[39m
[2m      Tests [22m [1m[31m4 failed[39m[22m[2m | [22m[1m[32m11 passed[39m[22m[90m (15)[39m
[2m   Start at [22m 11:52:22
[2m   Duration [22m 4.92s[2m (transform 2.52s, setup 468ms, collect 3.98s, tests 632ms, environment 6.16s, prepare 417ms)[22m

